2to3
2to3-3.10
[
accessdb
addftinfo
addgnupghome
addpart
addr2line
afmtodit
agetty
alsa-lib
alsa-topology-conf
alsa-ucm-conf
alsa-utils
amd-ucode
applygnupgdefaults
apropos
ar
arch-install-scripts
archinstall
archlinux-keyring
argon2
arpd
arping
arptables-nft
arptables-nft-restore
arptables-nft-save
as
asn1Coding
asn1Decoding
asn1Parser
attr
audisp-remote
audisp-syslog
audispd-zos-remote
auditctl
auditd
augenrules
aulast
aulastlog
aureport
ausearch
ausyscall
autopoint
autrace
auvirt
avahi
awk
b2sum
b43-fwcutter
badblocks
base
base32
base64
basename
basenc
bash
bashbug
bc
bind
blkdeactivate
blkdiscard
blkid
blkmapd
blkzone
blockdev
bluez-libs
bootctl
bridge
brltty
broadcom-wl
brotli
bsdcat
bsdcpio
bsdtar
btrfs
btrfs-convert
btrfs-find-root
btrfs-image
btrfs-map-logical
btrfs-select-super
btrfsck
btrfstune
bunzip2
busctl
bzcat
bzdiff
bzgrep
bzip2
bzip2recover
bzmore
c++filt
c_rehash
ca-certificates
ca-certificates-utils
cache_check
cache_dump
cache_metadata_size
cache_repair
cache_restore
cache_writeback
cal
capsh
captest
captoinfo
cat
catman
certtool
certutil
cfdisk
chacl
chage
chat
chattr
chcon
chcp
chcpu
chem
chfn
chgpasswd
chgrp
chmem
chmod
choom
chown
chpasswd
chroot
chrt
chsh
chvt
cifs-utils
cksum
clear
clockdiff
clonezilla
cloud-init
cmp
cmsutil
col
colcrt
colrm
column
comm
compile_et
convert-mans
coredumpctl
corelist
cp
cpan
crlutil
cryptsetup
csplit
ctrlaltdel
ctstat
curl
curl-config
cut
cvtsudoers
darkhttpd
date
db_archive
db_checkpoint
db_deadlock
db_dump
db_hotbackup
db_load
db_log_verify
db_printlog
db_recover
db_replicate
db_stat
db_tuner
db_upgrade
db_verify
dbus-cleanup-sockets
dbus-daemon
dbus-launch
dbus-monitor
dbus-run-session
dbus-send
dbus-test-tool
dbus-update-activation-environment
dbus-uuidgen
dcb
dd
ddrescue
deallocvt
debugfs
debugfs.reiserfs
debugreiserfs
delpart
depmod
derb
devlink
df
dhclient
dhcpcd
diff
diff3
dir
dircolors
dirmngr
dirmngr-client
dirname
disable-paste
display-buttons
display-coords
dmesg
dmevent_tool
dmeventd
dmidecode
dmraid
dmsetup
dmstats
dnsmasq
dnssec-anchors
dosfsck
dosfslabel
drbl
drill
du
duktape
dumpe2fs
dumpkeys
dumpseg
dumpsexp
dwp
e2freefrag
e2fsck
e2image
e2label
e2mmpstatus
e2scrub
e2scrub_all
e2undo
e4crypt
e4defrag
eapol_test
ebtables-nft
ebtables-nft-restore
ebtables-nft-save
echo
ecryptfs-utils
edk2-shell
efibootdump
efibootmgr
efisecdb
efivar
egrep
eject
elfedit
ell
enc2xs
encguess
env
envsubst
eqn
eqn2graph
era_check
era_dump
era_invalidate
era_restore
escapesrc
espeak-ng
espeakup
ethtool
event_rpcgen.py
exfatprogs
expand
expiry
exportfs
expr
extlinux
f2fs-tools
factor
faillock
faillog
fallocate
false
fatlabel
fatresize
fdisk
fgconsole
fgrep
file
filecap
filefrag
fincore
find
findfs
findmnt
findssl.sh
flac
flock
fmt
fold
free
fsadm
fsarchiver
fsck
fsck.btrfs
fsck.cramfs
fsck.ext2
fsck.ext3
fsck.ext4
fsck.fat
fsck.jfs
fsck.minix
fsck.msdos
fsck.reiserfs
fsck.vfat
fsck.xfs
fsfreeze
fstrim
fuse-common
fuse2
fuse3
fuser
gapplication
gawk
gawk-5.2.0
gawkbug
gdbm_dump
gdbm_load
gdbmtool
gdbus
gdbus-codegen
gdiffmk
gdk-pixbuf-xlib
gdk-pixbuf2
genbrk
gencat
genccode
gencfu
gencmn
gencnval
gendict
genl
genl-ctrl-list
gennorm2
genrb
gensprep
geqn
get-versions
getcap
getconf
getent
getfacl
getfattr
gethostip
getkeycodes
getopt
getpcaps
getsubids
gettext
gettext.sh
gettextize
gio
gio-querymodules
glib-compile-resources
glib-compile-schemas
glib-genmarshal
glib-gettextize
glib-mkenums
glilypond
gnu-netcat
gnutls-cli
gnutls-cli-debug
gnutls-serv
gobject-query
gp-archive
gp-collect-app
gp-display-html
gp-display-src
gp-display-text
gpart
gpasswd
gperl
gpg
gpg-agent
gpg-connect-agent
gpg-error
gpg-error-config
gpg-wks-server
gpg2
gpgconf
gpgme-config
gpgme-json
gpgme-tool
gpgparsemail
gpgrt-config
gpgscm
gpgsm
gpgsplit
gpgtar
gpgv
gpgv2
gpinyin
gpm
gpm-root
gprof
gprofng
gptfdisk
grap2graph
grep
gresource
grml-zsh-config
grn
grodvi
groff
groffer
grog
grolbp
grolj4
gropdf
grops
grotty
groupadd
groupdel
groupmems
groupmod
groups
grpck
grpconv
grpunconv
grub-bios-setup
grub-editenv
grub-file
grub-fstest
grub-glue-efi
grub-install
grub-kbdcomp
grub-macbless
grub-menulst2cfg
grub-mkconfig
grub-mkfont
grub-mkimage
grub-mklayout
grub-mknetdir
grub-mkpasswd-pbkdf2
grub-mkrelpath
grub-mkrescue
grub-mkstandalone
grub-mount
grub-ofpathname
grub-probe
grub-reboot
grub-render-label
grub-script-check
grub-set-default
grub-sparc64-setup
grub-syslinux2cfg
gsettings
gss-client
gss-server
gssproxy
gtbl
gtester
gtester-report
gunzip
gxditview
gzexe
gzip
h2ph
h2xs
halt
hardlink
hdparm
head
hexdump
hicolor-icon-theme
hidapi
hltest
hmac256
homectl
hostid
hostnamectl
hpftodit
hwclock
hwdata
hyperv
i386
iana-etc
iconv
iconvconfig
icu-config
icuexportdata
icuinfo
icupkg
id
idectl
idiag-socket-details
idle
idle3
idle3.10
idn2
ifstat
indxbib
info
infocmp
infotocap
init
insmod
install
install-info
instmodsh
integritysetup
intel-ucode
ionice
ip
ip6tables
ip6tables-apply
ip6tables-legacy
ip6tables-legacy-restore
ip6tables-legacy-save
ip6tables-nft
ip6tables-nft-restore
ip6tables-nft-save
ip6tables-restore
ip6tables-restore-translate
ip6tables-save
ip6tables-translate
ipcmk
ipcrm
ipcs
iptables
iptables-apply
iptables-legacy
iptables-legacy-restore
iptables-legacy-save
iptables-nft
iptables-nft-restore
iptables-nft-save
iptables-restore
iptables-restore-translate
iptables-save
iptables-translate
iptables-xml
irqtop
irssi
isohybrid
isohybrid.pl
isosize
iw
iwd
jemalloc
jfs_debugfs
jfs_fsck
jfs_fscklog
jfs_logdump
jfs_mkfs
jfs_tune
join
journalctl
json_pp
k5srvutil
kadmin
kadmin.local
kadmind
kbd_mode
kbdinfo
kbdrate
kbxutil
kdb5_ldap_util
kdb5_util
kdestroy
kernel-install
key.dns_resolver
keyctl
keytab-lilo
kill
killall
kinit
kitty-terminfo
klist
kmod
kpasswd
kprop
kpropd
kproplog
krb5-config
krb5-send-pr
krb5kdc
ksba-config
ksu
kswitch
ktutil
kvno
last
lastb
lastlog
lbzip2
ld
ld.bfd
ld.gold
ld.so
ldattach
ldb
ldconfig
ldd
ldns-chaos
ldns-compare-zones
ldns-config
ldns-dane
ldns-dpa
ldns-gen-zone
ldns-key2ds
ldns-keyfetcher
ldns-keygen
ldns-mx
ldns-notify
ldns-nsec3-hash
ldns-read-zone
ldns-resolver
ldns-revoke
ldns-rrsig
ldns-signzone
ldns-test-edns
ldns-testns
ldns-update
ldns-verify-zone
ldns-version
ldns-walk
ldns-zcat
ldns-zsplit
ldnsd
less
lessecho
lesskey
lexgrog
lftp
libassuan-config
libasyncns
libbsd
libcbor
libcups
libdaemon
libdnet
libfido2
libgcrypt-config
libgudev
libice
libidn
libimobiledevice
libjpeg-turbo
liblouis
libmaxminddb
libmbim
libmd
libmm-glib
libmspack
libnetcfg
libnewt
libogg
libotr
libplist
libpng
libproxy
libpulse
libqmi
libqrtr-glib
libsamplerate
libsigc++
libsm
libsndfile
libsonic
libspeechd
libsysprof-capture
libtiff
libtool
libtoolize
libunwind
liburcu
liburing
libusb-compat
libusbmuxd
libutempter
libuv
libvorbis
libx11
libxau
libxcb
libxdmcp
libxext
libxmu
libxslt
libxss
libxt
libyaml
licenses
link
linux-api-headers
linux-atm
linux-firmware
linux-firmware-marvell
linux-firmware-whence
linux32
linux64
livecd-sounds
lkbib
lmdb
ln
lnstat
loadkeys
loadunimap
locale
locale-gen
localectl
localedef
logger
login
loginctl
logname
logsave
look
lookbib
losetup
lrzip
ls
lsattr
lsb-release
lsblk
lscp
lscpu
lsfd
lsipc
lsirq
lslocks
lslogins
lsmem
lsmod
lsns
lspci
lss16toppm
lsscsi
lssu
lsusb
lsusb.py
lua53
lvchange
lvconvert
lvcreate
lvdisplay
lvextend
lvm
lvm_import_vdo
lvmconfig
lvmdevices
lvmdiskscan
lvmdump
lvmpolld
lvmsadc
lvmsar
lvreduce
lvremove
lvrename
lvresize
lvs
lvscan
lynx
lz4
lz4c
lz4cat
lzcat
lzcmp
lzdiff
lzegrep
lzfgrep
lzgrep
lzless
lzma
lzmadec
lzmainfo
lzmore
lzop
machinectl
makeconv
makedb
makeinfo
makepkg
makepkg-template
man
man-pages
man-recode
mandb
manpath
mapscrn
mc
mcookie
md5pass
md5sum
mdadm
mdmon
memdiskfind
memtest86+
memusage
memusagestat
mesg
mev
mk_cmds
mkcp
mkdir
mkdiskimage
mkdosfs
mke2fs
mkfifo
mkfs
mkfs.bfs
mkfs.btrfs
mkfs.cramfs
mkfs.ext2
mkfs.ext3
mkfs.ext4
mkfs.fat
mkfs.jfs
mkfs.minix
mkfs.msdos
mkfs.nilfs2
mkfs.reiserfs
mkfs.vfat
mkfs.xfs
mkhomedir_helper
mkinitcpio
mkinitcpio-archiso
mklost+found
mknod
mkreiserfs
mkswap
mktemp
mmroff
mobile-broadband-provider-info
modemmanager
modinfo
modprobe
modutil
more
mount
mount.nfs
mount.nfs4
mount.nilfs2
mountpoint
mountstats
mouse-test
mpicalc
msgattrib
msgcat
msgcmp
msgcomm
msgconv
msgen
msgexec
msgfilter
msgfmt
msggrep
msginit
msgmerge
msgunfmt
msguniq
mtools
mtrace
mv
namei
nano
nbd
ncursesw6-config
ndisc6
neqn
netcap
netplan
nettle-hash
nettle-lfib-stream
nettle-pbkdf2
networkctl
newgidmap
newgrp
newuidmap
newusers
nf-ct-add
nf-ct-events
nf-ct-list
nf-exp-add
nf-exp-delete
nf-exp-list
nf-log
nf-monitor
nf-queue
nfbpf_compile
nfnl_osf
nfsconf
nfsdcld
nfsdclddb
nfsdclnts
nfsdcltrack
nfsidmap
nfsiostat
nfsrahead
nfsstat
nfsv4.exportd
ngettext
nice
nilfs-clean
nilfs-resize
nilfs-tune
nilfs_cleanerd
ninfod
nl
nl-addr-add
nl-addr-delete
nl-addr-list
nl-class-add
nl-class-delete
nl-class-list
nl-classid-lookup
nl-cls-add
nl-cls-delete
nl-cls-list
nl-fib-lookup
nl-link-enslave
nl-link-ifindex2name
nl-link-list
nl-link-name2ifindex
nl-link-release
nl-link-set
nl-link-stats
nl-list-caches
nl-list-sockets
nl-monitor
nl-neigh-add
nl-neigh-delete
nl-neigh-list
nl-neightbl-list
nl-pktloc-lookup
nl-qdisc-add
nl-qdisc-delete
nl-qdisc-list
nl-route-add
nl-route-delete
nl-route-get
nl-route-list
nl-rule-list
nl-tctree-list
nl-util-addr
nm
nmap
nohup
nologin
nproc
npth-config
nroff
nscd
nsenter
nspr-config
nss-config
nstat
ntfs-3g
numfmt
nvme-cli
oath-toolkit
objcopy
objdump
ocsptool
od
oomctl
open-iscsi
open-isns
open-vm-tools
openconnect
openssl
openssl-1.0
openvpn
openvt
opus
p11-kit
p11tool
pacman
pacman-conf
pacman-db-upgrade
pacman-key
pacman-mirrorlist
pam_namespace_helper
pam_timestamp_check
pambase
partclone
parted
partimage
partx
passwd
paste
pathchk
pbzip2
pcap-config
pcaudiolib
pcprofiledump
pcre-config
pcre2-config
pcre2grep
pcre2test
pcregrep
pcretest
pcsclite
pdata_tools
pdfmom
pdfroff
pdftexi2dvi
peekfd
perl
perlbug
perldoc
perlivp
perlthanks
pfbtops
pgrep
pic
pic2graph
piconv
pidof
pigz
pinentry
pinentry-curses
pinentry-emacs
pinentry-gnome3
pinentry-gtk-2
pinentry-qt
pinentry-tty
ping
pinky
pivot_root
pixz
pk12util
pkcs1-conv
pkcs11-helper
pkgdata
pkill
pl2pm
pldd
plog
pluginviewer
pmap
pod2html
pod2man
pod2texi
pod2text
pod2usage
podchecker
poff
polkit
pon
portablectl
post-grohtml
poweroff
ppmtolss16
pppd
pppdump
pppoe-discovery
pppstats
pptp
pptpsetup
pr
pre-grohtml
preconv
printenv
printf
prlimit
prove
prtstat
ps
pscap
psfaddtable
psfgettable
psfstriptable
psfxtable
psktool
psl
pslog
pstree
pstree.x11
ptar
ptardiff
ptargrep
ptx
pv
pvchange
pvck
pvcreate
pvdisplay
pvmove
pvremove
pvresize
pvs
pvscan
pwait
pwck
pwconv
pwd
pwdx
pwhistory_helper
pwunconv
pxelinux-options
pydoc
pydoc3
pydoc3.10
python
python-attrs
python-cffi
python-chardet
python-config
python-configobj
python-cryptography
python-idna
python-jinja
python-jsonpatch
python-jsonpointer
python-jsonschema
python-markupsafe
python-netifaces
python-oauthlib
python-ply
python-pycparser
python-pyrsistent
python-pyserial
python-requests
python-six
python-urllib3
python-yaml
python3
python3-config
python3.10
python3.10-config
pzstd
qemu-guest-agent
ranlib
rarpd
rdisc
rdma
readelf
readlink
readprofile
realpath
reboot
recode-sr-latin
refer
refind
reflector
reiserfsck
reiserfstune
rename
renice
repo-add
repo-elephant
repo-remove
request-key
reset
resize2fs
resize_reiserfs
resizecons
resizepart
resolvconf
resolvectl
rev
rfkill
rm
rmcp
rmdir
rmmod
rnano
roff2dvi
roff2html
roff2pdf
roff2ps
roff2text
roff2x
routel
rp-pppoe
rpc.gssd
rpc.idmapd
rpc.mountd
rpc.nfsd
rpc.statd
rpcbind
rpcctl
rpcdebug
rpcinfo
rsync
rtacct
rtcwake
rtmon
rtstat
run-parts
runcon
runuser
rxvt-unicode-terminfo
sas_disk_blink
sasldblistusers2
saslpasswd2
sclient
scmp_sys_resolver
scp
screen
script
scriptlive
scriptreplay
scsi_ch_swp
sdiff
sdparm
secret-tool
sed
seq
setarch
setcap
setfacl
setfattr
setfont
setkeycodes
setleds
setmetamode
setpci
setpriv
setsid
setterm
setvtrgb
sexp-conv
sfdisk
sftp
sg
sg3_utils
sh
sha1pass
sha1sum
sha224sum
sha256sum
sha384sum
sha512sum
shared-mime-info
shasum
shlibsign
showconsolefont
showdb
showjournal
showkey
showmount
showstat4
showwal
shred
shuf
shutdown
signtool
signver
sim_client
sim_server
size
slabtop
slang
sleep
sln
sm-notify
smartmontools
smbclient
soelim
sof-firmware
sort
sotruss
speex
speexdsp
splain
split
sprof
sqldiff
sqlite3
squashfs-tools
srptool
ss
sserver
ssh
ssh-add
ssh-agent
ssh-copy-id
ssh-keygen
ssh-keyscan
sshd
sshfs
ssltap
start-statd
stat
stdbuf
stoken
streamzip
strings
strip
stty
su
sudo
sudo_logsrvd
sudo_sendlog
sudoedit
sudoreplay
sulogin
sum
swaplabel
swapoff
swapon
switch_root
symkeyutil
sync
sysctl
syslinux
syslinux-install_update
syslinux2ansi
systemctl
systemd-analyze
systemd-ask-password
systemd-cat
systemd-cgls
systemd-cgtop
systemd-creds
systemd-cryptenroll
systemd-delta
systemd-detect-virt
systemd-dissect
systemd-escape
systemd-firstboot
systemd-hwdb
systemd-id128
systemd-inhibit
systemd-machine-id-setup
systemd-mount
systemd-notify
systemd-nspawn
systemd-path
systemd-repart
systemd-resolve
systemd-run
systemd-socket-activate
systemd-stdio-bridge
systemd-sysext
systemd-sysusers
systemd-tmpfiles
systemd-tty-ask-password-agent
systemd-umount
systool
tabs
tac
tail
talloc
tar
taskset
tbl
tc
tcl
tcpdump
tdb
tee
terminus-font
test
testdisk
testpkg
tevent
texi2any
texi2dvi
texi2pdf
texindex
tfmtodit
thin_check
thin_delta
thin_dump
thin_ls
thin_metadata_size
thin_repair
thin_restore
thin_rmap
thin_trim
tic
timedatectl
timeout
tipc
tload
tmux
toe
top
touch
tput
tr
tracepath
troff
true
truncate
trust
tset
tsort
tty
tune2fs
tunefs.reiserfs
tzselect
uclampset
uconv
udevadm
udftools
ul
ultrabayd
umount
umount.nfs
umount.nfs4
umount.nilfs2
uname
uname26
uncompress
unexpand
unicode_start
unicode_stop
uniq
unix_chkpwd
unix_update
unlink
unlz4
unlzma
unshare
unxz
unzstd
update-pciids
uptime
uriparser
usb-devices
usb_modeswitch
usbhid-dump
usbmuxd
useradd
userdbctl
userdel
usermod
users
utmpdump
uuclient
uuidd
uuidgen
uuidparse
uuserver
vdir
vdpa
vercmp
veritysetup
vgcfgbackup
vgcfgrestore
vgchange
vgck
vgconvert
vgcreate
vgdisplay
vgexport
vgextend
vgimport
vgimportclone
vgimportdevices
vgmerge
vgmknodes
vgreduce
vgremove
vgrename
vgs
vgscan
vgsplit
vigr
vim
vim-runtime
vipw
virtualbox-guest-utils-nox
visudo
vlock
vmstat
vpnc
w
wall
watch
watchgnupg
wc
wdctl
whatis
whereis
which
who
whoami
wipefs
wiper.sh
wireless-regdb
wireless_tools
wpa_cli
wpa_passphrase
wpa_supplicant
write
wvdial
wvstreams
x86_64
xargs
xcb-proto
xdg-utils
xfs_admin
xfs_bmap
xfs_copy
xfs_db
xfs_estimate
xfs_freeze
xfs_fsr
xfs_growfs
xfs_info
xfs_io
xfs_logprint
xfs_mdrestore
xfs_metadump
xfs_mkfile
xfs_ncheck
xfs_quota
xfs_repair
xfs_rtcp
xfs_scrub
xfs_scrub_all
xfs_spaceman
xgettext
xl2tpd
xml2-config
xmlcatalog
xmllint
xmlsec
xmlwf
xorg-xprop
xorg-xset
xorgproto
xplc
xsubpp
xtables-legacy-multi
xtables-monitor
xtables-nft-multi
xtotroff
xtrace
xxhash
xz
xzcat
xzcmp
xzdec
xzdiff
xzegrep
xzfgrep
xzgrep
xzless
xzmore
yat2m
yes
zcat
zcmp
zdiff
zdump
zegrep
zfgrep
zforce
zgrep
zic
zipdetails
zless
zmore
znew
zramctl
zsh
zsoelim
zstd
zstdcat
zstdgrep
zstdless
zstdmt
