AssetCacheLocatorUtil
AssetCacheManagerUtil
AssetCacheTetheratorUtil
BTLEServer
BTLEServerAgent
BlueTool
BootCacheControl
DeRez
DevToolsSecurity
DirectoryService
GetFileInfo
IOAccelMemory
IOMFB_FDR_Loader
KernelEventAgent
PasswordService
ResMerger
Rez
SafeEjectGPU
SetFile
SplitForks
WirelessRadioManagerd
a2p
aa
ab
ac
accton
actool
addftinfo
aea
afclip
afconvert
afhash
afida
afinfo
afktool
afmtodit
afplay
afscexpand
agentxtrap
agvtool
amt
apachectl
apfs_hfs_convert
apfs_unlockfv
app-sso
applecamerad
appleh13camerad
applesingle
appletviewer
apply
appsleepd
apropos
apt
ar
arch
arp
as
asa
aslmanager
asr
assetutil
at
atos
atq
atrm
atsutil
audit
auditd
auditreduce
automationmodetool
automator
automount
auval
auvaltool
avbdeviced
avbdiagnose
avbutil
avconvert
avmediainfo
avmetareadwrite
awk
banner
base64
basename
bash
bashbug
batch
bc
biff
binhex
binhex.pl
binhex5.18.pl
binhex5.30.pl
bioutil
bison
bitesize.d
bless
bluetoothd
bnepd
bputil
brctl
bsdtar
bspatch
bundle
bundler
bunzip2
bzcat
bzcmp
bzdiff
bzegrep
bzfgrep
bzgrep
bzip2
bzip2recover
bzless
bzmore
c++
c++filt
c2ph
c89
c99
caffeinate
cal
calendar
cancel
cap_mkdb
captoinfo
cat
cc
certtool
cfprefsd
chat
checkgid
checknr
chflags
chfn
chgrp
chmod
chown
chpass
chroot
chsh
ckksctl
cksum
clang
clang++
clangd
clear
cmp
cmpdylib
codecctl
codesign
codesign_allocate
col
colcrt
colldef
colrm
column
comm
compress
compression_tool
config_data
config_data5.30
coreaudiod
corelist
corelist5.18
corelist5.30
cp
cpan
cpan2dist
cpan5.18
cpan5.30
cpanp
cpanp-run-perl
cpio
cpp
cpu_profiler.d
cpuctl
cpuwalk.d
crc32
crc325.18
crc325.30
creatbyproc.d
createhomedir
crlrefresh
cron
crontab
csh
csplit
csreq
csrutil
ctags
ctf_insert
cu
cups-config
cupsaccept
cupsctl
cupsd
cupsdisable
cupsenable
cupsfilter
cupsreject
cupstestppd
curl
curl-config
cut
cvadmin
cvaffinity
cvcp
cvdb
cvdbset
cvfsck
cvfsdb
cvfsid
cvgather
cvlabel
cvmkdir
cvmkfile
cvmkfs
cvupdatefs
cvversions
dappprof
dapptrace
dash
date
db_archive
db_checkpoint
db_codegen
db_deadlock
db_dump
db_hotbackup
db_load
db_printlog
db_recover
db_stat
db_upgrade
db_verify
dbicadmin
dbicadmin5.18
dbicadmin5.30
dbilogstrip
dbilogstrip5.18
dbilogstrip5.30
dbiprof
dbiprof5.18
dbiprof5.30
dbiproxy
dbiproxy5.18
dbiproxy5.30
dbmmanage
dc
dd
ddns-confgen
debinhex.pl
debinhex5.18.pl
debinhex5.30.pl
defaults
delv
demandoc
derq
desdp
dev_mkdb
df
diagnose-fu
diff
diff3
diffstat
dig
dirname
disklabel
disktool
diskutil
dispqlen.d
distnoted
ditto
dmc
dmesg
dnctl
dns-sd
dot_clean
drutil
dscacheutil
dscl
dsconfigad
dsconfigldap
dseditgroup
dsenableroot
dserr
dsexport
dsimport
dsmemberutil
dsymutil
dtrace
dtruss
du
dwarfdump
dyld_info
dynamic_pager
ed
edquota
egrep
emond
enc2xs
enc2xs5.18
enc2xs5.30
encguess
encode_keychange
env
envvars
envvars-std
eqn
erb
errinfo
ex
execsnoop
expand
expect
expr
extcheck
eyapp
eyapp5.18
eyapp5.30
fcgistarter
fddist
fdesetup
fdisk
fgrep
fibreconfig
file
filebyproc.d
filecoordinationd
fileproviderctl
filtercalltree
find
find2perl
findrule
findrule5.18
findrule5.30
finger
firmwarepasswd
fixproc
flex
flex++
fmt
fold
fontrestore
footprint
format-sql
format-sql5.18
from
fs_usage
fsck
fsck_apfs
fsck_cs
fsck_exfat
fsck_hfs
fsck_msdos
fsck_udf
fstyp
fstyp_hfs
fstyp_msdos
fstyp_ntfs
fstyp_udf
funzip
fuser
fwkdp
fwkpfv
g++
gatherheaderdoc
gcc
gcore
gcov
gdiffmk
gem
gen_bridge_metadata
gencat
genstrings
getconf
getopt
git
git-receive-pack
git-shell
git-upload-archive
git-upload-pack
gm4
gnumake
gperf
gpt
graphicssession
grep
grn
grodvi
groff
groffer
grog
grolbp
grolj4
grops
grotty
groups
gssd
gunzip
gzcat
gzexe
gzip
h2ph
h2ph5.18
h2ph5.30
h2xs
h2xs5.18
h2xs5.30
halt
hdid
hdik
hdiutil
hdxml2manxml
head
headerdoc2html
heap
hexdump
hidutil
hiutil
host
hostinfo
hostname
hotspot.d
hpftodit
hpmdiagnose
htcacheclean
htdbm
htdigest
htmltree
htmltree5.18
htmltree5.30
htpasswd
httpd
httpd-wrapper
httxt2dbm
ibtool
iconutil
iconv
ictool
id
idlj
ifconfig
imptrace
indent
indxbib
info
infocmp
infokey
infotocap
install
install-info
install_name_tool
installer
instmodsh
instmodsh5.18
instmodsh5.30
ioalloccount
ioclasscount
iofile.d
iofileb.d
iopattern
iopending
ioreg
iosnoop
iostat
iotop
ip2cc
ip2cc5.18
ip2cc5.30
ipconfig
ipcount
ipcount5.18
ipcount5.30
ipcrm
ipcs
ippeveprinter
ippfind
ipptool
iptab
iptab5.18
iptab5.30
irb
jar
jarsigner
java
javac
javadoc
javah
javap
javapackager
javaws
jcmd
jconsole
jcontrol
jdb
jdeps
jhat
jhsdb
jimage
jinfo
jjs
jlink
jmap
jmc
join
jot
jpackage
jps
jrunscript
jsadebugd
jshell
json_pp
json_pp5.18
json_pp5.30
json_xs
json_xs5.30
jstack
jstat
jstatd
jvisualvm
kadmin
kadmin.local
kcc
kcditto
kdcsetup
kdestroy
kextcache
kextfind
kextlibs
kextload
kextstat
kextunload
kextutil
keytool
kgetcred
kill.d
killall
kinit
klist
klist_cdhashes
kmutil
kpasswd
krb5-config
krbservicesetup
ksh
kswitch
ktrace
ktutil
lam
languagesetup
last
lastcomm
lastwords
latency
launchctl
launchd
layerutil
ld
ldapadd
ldapcompare
ldapdelete
ldapexop
ldapmodify
ldapmodrdn
ldappasswd
ldapsearch
ldapurl
ldapwhoami
leaks
leave
less
lessecho
lex
libnetcfg
libnetcfg5.18
libnetcfg5.30
libtool
link
lipo
lkbib
lldb
llvm-g++
llvm-gcc
ln
loads.d
locale
localedef
localemanager
locate
lockstat
log
logger
login
logname
logresolve
look
lookbib
lorder
lp
lpadmin
lpc
lpinfo
lpmove
lpoptions
lpq
lpr
lprm
lpstat
ls
lsappinfo
lsbom
lskq
lsm
lsmp
lsof
lsvfs
lwp-download
lwp-download5.18
lwp-download5.30
lwp-dump
lwp-dump5.18
lwp-dump5.30
lwp-mirror
lwp-mirror5.18
lwp-mirror5.30
lwp-request
lwp-request5.18
lwp-request5.30
m4
mDNSResponder
mDNSResponderHelper
macbinary
macerror
macerror5.18
macerror5.30
machine
mail
mailq
mailx
make
makeinfo
malloc_history
man
mandoc
mandoc_soelim
manpath
mcxquery
mcxrefresh
md5
mddiagnose
mdfind
mdimport
mdls
mdutil
memory_pressure
mesg
mg
mib2c
mib2c-update
mig
mkbom
mkdir
mkextunpack
mkfifo
mkfile
mklocale
mknod
mkpassdb
mktemp
mmroff
mnthome
moo-outdated
moo-outdated5.18
moose-outdated
moose-outdated5.18
moose-outdated5.30
more
mount
mount_9p
mount_acfs
mount_afp
mount_apfs
mount_cd9660
mount_cddafs
mount_devfs
mount_exfat
mount_fdesc
mount_ftp
mount_hfs
mount_lifs
mount_msdos
mount_nfs
mount_ntfs
mount_smbfs
mount_tmpfs
mount_udf
mount_webdav
mp2bug
mpioutil
msgs
mtree
mv
nano
native2ascii
nbdst
nc
ncal
ncctl
ncdestroy
ncinit
nclist
ncurses5.4-config
ndp
neqn
net-server
net-server5.18
net-server5.30
net-snmp-cert
net-snmp-config
net-snmp-create-v3-user
netbiosd
netstat
nettop
networkQuality
networksetup
newaliases
newfs_apfs
newfs_exfat
newfs_hfs
newfs_msdos
newfs_udf
newgrp
newproc.d
newsyslog
nfs4mapid
nfsd
nfsiod
nfsstat
nice
nl
nlcontrol
nm
nmedit
nohup
nologin
notifyd
notifyutil
nroff
nscurl
nslookup
nsupdate
nvram
objdump
ocspcheck
ocspd
od
odutil
open
opendiff
opensnoop
openssl
orbd
osacompile
osadecompile
osalang
osascript
otctl
otool
pack200
package-stash-conflicts
package-stash-conflicts5.18
package-stash-conflicts5.30
pagesize
pagestuff
par.pl
par5.30.pl
parl
parl5.30
parldyn
parldyn5.30
passwd
paste
patch
pathchk
pathopens.d
pax
pbcopy
pbpaste
pcap-config
pcsctest
pdisk
periodic
perl
perl5.18
perl5.30
perlbug
perlbug5.18
perlbug5.30
perldoc
perldoc5.18
perldoc5.30
perlivp
perlivp5.18
perlivp5.30
perlthanks
perlthanks5.18
perlthanks5.30
pfbtops
pfctl
pgrep
pic
pico
piconv
piconv5.18
piconv5.30
pidpersec.d
ping
ping6
pip3
pkgbuild
pkgutil
pkill
pl
pl2pm
pl2pm5.18
pl2pm5.30
plockstat
pluginkit
plutil
pmset
pod2html
pod2html5.18
pod2html5.30
pod2latex
pod2man
pod2man5.18
pod2man5.30
pod2readme
pod2readme5.18
pod2readme5.30
pod2text
pod2text5.18
pod2text5.30
pod2usage
pod2usage5.18
pod2usage5.30
podchecker
podchecker5.18
podchecker5.30
podselect
podselect5.18
podselect5.30
policytool
post-grohtml
postalias
postcat
postconf
postdrop
postfix
postkick
postlock
postlog
postmap
postmulti
postqueue
postsuper
power_report.sh
powermetrics
pp
pp5.30
ppdc
ppdhtml
ppdi
ppdmerge
ppdpo
pppd
pr
praudit
pre-grohtml
priclass.d
pridist.d
printenv
procsystime
productbuild
productsign
profiles
prove
prove5.18
prove5.30
ps
psed
psm
pstopdf
pstruct
ptar
ptar5.18
ptar5.30
ptardiff
ptardiff5.18
ptardiff5.30
ptargrep
ptargrep5.18
ptargrep5.30
purge
pwd_mkdb
pwhich
pwhich5.18
pwpolicy
python3
qlmanage
quota
quotacheck
quotaoff
quotaon
racoon
rails
rake
ranlib
rarpd
rdoc
readlink
reboot
refer
renice
repairHomePermissions
repquota
reset
resolveLinks
rev
ri
rm
rmdir
rmic
rmid
rmiregistry
rotatelogs
route
rpc.lockd
rpc.statd
rpcbind
rpcgen
rpcinfo
rs
rsync
rtadvd
ruby
rview
rvim
rwbypid.d
rwbytype.d
rwsnoop
s2p
sa
safaridriver
sample
sampleproc
sandbox-exec
say
sc_auth
sc_usage
scandeps.pl
scandeps5.18.pl
scandeps5.30.pl
schemagen
scp
screen
screencapture
script
scselect
scutil
sdef
sdiff
sdp
sdx
security
securityd
sed
seeksize.d
segedit
sendmail
seq
serialver
serverinfo
servertool
setkey
setquota
setregion
setuids.d
sfltool
sftp
sh
shar
sharing
shasum
shasum5.18
shasum5.30
shlock
shortcuts
showmount
shutdown
sigdist.d
sips
size
skywalkctl
slapacl
slapadd
slapauth
slapcat
slapconfig
slapdn
slapindex
slappasswd
slapschema
slaptest
sleep
slogin
smbd
smbdiagnose
smbutil
sndiskmove
snfsdefrag
snmp-bridge-mib
snmpbulkget
snmpbulkwalk
snmpconf
snmpd
snmpdelta
snmpdf
snmpget
snmpgetnext
snmpinform
snmpnetstat
snmpset
snmpstatus
snmptable
snmptest
snmptranslate
snmptrap
snmptrapd
snmpusm
snmpvacm
snmpwalk
snquota
sntp
sntpd
soelim
softwareupdate
sort
sourcekit-lsp
spctl
spfd
spfd5.18
spfd5.30
spfquery
spfquery5.18
spfquery5.30
spindump
splain
splain5.18
splain5.30
split
spray
sqlite3
ssh
ssh-add
ssh-agent
ssh-copy-id
ssh-keygen
ssh-keyscan
sshd
sso_util
stapler
stat
stringdups
strings
strip
stty
stty.pl
stty5.18.pl
su
sudo
sum
sw_vers
swcutil
swift
swiftc
symbols
symbolscache
sync
sysadminctl
syscallbypid.d
syscallbyproc.d
syscallbysysc.d
syscapturediags
sysctl
sysdiagnose
syslog
syslogd
system_profiler
systemextensionsctl
systemkeychain
systemsetup
systemsoundserverd
systemstats
tab2space
tabs
tail
tailspin
talk
tar
taskinfo
taskpolicy
tbl
tbtdiagnose
tccutil
tclsh
tclsh8.5
tcpdump
tcsh
tee
test-yaml
test-yaml5.30
texi2dvi
texi2pdf
texindex
textutil
tfmtodit
tftp
thermal
tic
tidy
tidy_changelog
tidy_changelog5.30
tiff2icns
tiffutil
time
timer_analyser.d
timerfires
timesyncanalyse
tkcon
tkmib
tkpp
tkpp5.30
tmdiagnose
tmutil
tnameserv
toe
top
tops
topsyscall
topsysproc
touch
tpctl
tput
tr
trace
traceroute
traceroute6
traptoemail
treereg
treereg5.18
treereg5.30
trimforce
troff
trustcachectl
tset
tsig-keygen
tsort
tty
uasysdiagnose
ul
umount
umtool
uname
uncompress
unexpand
unifdef
unifdefall
uniq
units
universalaccessd
unlink
unpack200
unsetpassword
unvis
unzip
unzipsfx
update_dyld_shared_cache
update_mcdp29xx
uptime
usbcfwflasher
usernoted
users
uttype
uuchk
uucico
uuconv
uucp
uudecode
uuencode
uuidgen
uulog
uuname
uupick
uusched
uustat
uuto
uux
uuxqt
vi
view
vifs
vim
vimdiff
vimtutor
vipw
vis
visudo
vm_stat
vmmap
vpnd
vsdbutil
vtool
w
wait4path
wall
wc
wdutil
wfsctl
what
whatis
whereis
which
who
whoami
whois
wish
wish8.5
write
wsgen
wsimport
xar
xargs
xartutil
xattr
xcdebug
xcode-select
xcodebuild
xcrun
xcscontrol
xcsdiagnose
xctrace
xed
xgettext.pl
xgettext5.18.pl
xgettext5.30.pl
xip
xjc
xml2-config
xml2man
xmlcatalog
xmllint
xpath
xpath5.18
xpath5.30
xsanctl
xscertadmin
xslt-config
xsltproc
xsubpp
xsubpp5.18
xsubpp5.30
xxd
yaa
yacc
yamlpp-events
yamlpp-events5.30
yamlpp-highlight
yamlpp-highlight5.30
yamlpp-load
yamlpp-load-dump
yamlpp-load-dump5.30
yamlpp-load5.30
yamlpp-parse-emit
yamlpp-parse-emit5.30
yapp
yapp5.30
yes
zcat
zcmp
zdiff
zdump
zegrep
zfgrep
zforce
zgrep
zic
zip
zipcloak
zipdetails
zipdetails5.18
zipdetails5.30
zipgrep
zipinfo
zipnote
zipsplit
zless
zmore
znew
zprint
zsh
