GET
HEAD
ModemManager
NF
NetworkManager
POST
VGAuthService
X
X11
Xephyr
Xorg
Xwayland
[
aa-enabled
aa-exec
aa-features-abi
aa-remove-unknown
aa-status
aa-teardown
accessdb
aconnect
acpi_listen
acpid
adcli
add-apt-repository
add-shell
addgnupghome
addgroup
addpart
addr2line
adduser
agetty
airscan-discover
alsa
alsa-info
alsabat
alsabat-test
alsactl
alsaloop
alsamixer
alsatplg
alsaucm
amidi
amixer
anacron
apg
apgbfm
aplay
aplaymidi
apparmor_parser
apparmor_status
applygnupgdefaults
apport-bug
apport-cli
apport-collect
apport-unpack
appres
appstreamcli
apropos
apt
apt-add-repository
apt-cache
apt-cdrom
apt-config
apt-extracttemplates
apt-ftparchive
apt-get
apt-key
apt-mark
apt-sortpkgs
aptd
aptdcon
apturl
apturl-gtk
ar
arc_summary
arch
archdetect
arcstat
arecord
arecordmidi
arm2hpdl
arpd
arptables-nft
arptables-nft-restore
arptables-nft-save
as
aseqdump
aseqnet
aspell
aspell-autobuildhash
aspell-import
atobm
automat-visualize3
autopartition
autopartition-crypto
autopartition-loop
autopartition-lvm
avahi-autoipd
avahi-browse
avahi-browse-domains
avahi-daemon
avahi-publish
avahi-publish-address
avahi-publish-service
avahi-resolve
avahi-resolve-address
avahi-resolve-host-name
avahi-set-host-name
avinfo
axfer
b2sum
badblocks
baobab
base32
base64
basename
basenc
bash
bashbug
bc
bcache-super-show
bdftopcf
bdftruncate
biosdecode
bitmap
blkdeactivate
blkdiscard
blkid
blkzone
block-attr
blockdev
blockdev-keygen
blockdev-wipe
bluemoon
bluetooth-sendto
bluetoothctl
bluetoothd
bmtoa
boltctl
bootctl
bridge
brltty
brltty-ctb
brltty-setup
brltty-trtxt
brltty-ttb
broadwayd
browse
btattach
btmgmt
btmon
btrfs
btrfs-convert
btrfs-find-root
btrfs-image
btrfs-map-logical
btrfs-select-super
btrfsck
btrfstune
bunzip2
busctl
busybox
bwrap
byobu
byobu-config
byobu-ctrl-a
byobu-disable
byobu-disable-prompt
byobu-enable
byobu-enable-prompt
byobu-export
byobu-janitor
byobu-keybindings
byobu-launch
byobu-launcher
byobu-launcher-install
byobu-launcher-uninstall
byobu-layout
byobu-prompt
byobu-quiet
byobu-reconnect-sockets
byobu-screen
byobu-select-backend
byobu-select-profile
byobu-select-session
byobu-shell
byobu-silent
byobu-status
byobu-status-detail
byobu-tmux
byobu-ugraph
byobu-ulevel
bzcat
bzcmp
bzdiff
bzegrep
bzexe
bzfgrep
bzgrep
bzip2
bzip2recover
bzless
bzmore
c++filt
c_rehash
cache_check
cache_dump
cache_metadata_size
cache_repair
cache_restore
cache_writeback
calibrate_ppa
canberra-gtk-play
cancel
capsh
captoinfo
casper-a11y-enable
casper-getty
casper-login
casper-new-uuid
casper-reconfigure
casper-snapshot
casper-stop
cat
catman
cautious-launcher
cd-create-profile
cd-fix-profile
cd-iccdump
cd-it8
cfdisk
cftp3
cgdisk
chacl
chage
chardet
chardetect
chat
chattr
chcon
chcpu
check-language-support
check-missing-firmware
cheese
chfn
chgpasswd
chgrp
chmem
chmod
choom
chown
chpasswd
chroot
chrt
chsh
chvt
cifs
cifs.idmap
cifs.upcall
cifscreds
ciptool
ckbcomp
ckeygen3
cksum
clear
clear_console
cloud-id
cloud-init
cloud-init-per
cmp
codepage
col
col1
col2
col3
col4
col5
col6
col7
col8
col9
colcrt
colormgr
colrm
column
comm
compose
conch3
corelist
cp
cpan
cpgr
cpio
cpp
cpp-11
cppw
cracklib-check
cracklib-format
cracklib-packer
cracklib-unpacker
create-cracklib-dict
cron
crontab
cryptdisks_start
cryptdisks_stop
cryptsetup
cryptsetup-reencrypt
cryptsetup-ssh
csplit
ctail
ctrlaltdel
ctstat
cups-browsed
cupsaccept
cupsctl
cupsd
cupsdisable
cupsenable
cupsfilter
cupsreject
cupstestppd
curl
cut
cvt
cvtsudoers
dash
date
dbufstat
dbus-cleanup-sockets
dbus-daemon
dbus-launch
dbus-monitor
dbus-run-session
dbus-send
dbus-update-activation-environment
dbus-uuidgen
dbxtool
dc
dcb
dconf
dd
ddstdecode
deallocvt
deb-systemd-helper
deb-systemd-invoke
debconf
debconf-apt-progress
debconf-communicate
debconf-copydb
debconf-escape
debconf-get
debconf-set
debconf-set-selections
debconf-show
debian-distro-info
debugfs
debugfs
debugfs.reiserfs
debugreiserfs
deja-dup
delgroup
delpart
deluser
delv
depmod
desktop-file-edit
desktop-file-install
desktop-file-validate
devdump
devlink
df
dfu-tool
dh_bash-completion
dh_installxmlcatalogs
dhclient
dhclient-script
diff
diff3
dig
dir
dircolors
dirmngr
dirmngr-client
dirname
dirsplit
distro-info
dmesg
dmeventd
dmidecode
dmraid
dmraid-activate
dmsetup
dmstats
dnsdomainname
dnsmasq
do-release-upgrade
domainname
dosfsck
dosfslabel
dpkg
dpkg-deb
dpkg-divert
dpkg-maintscript-helper
dpkg-preconfigure
dpkg-query
dpkg-realpath
dpkg-reconfigure
dpkg-repack
dpkg-split
dpkg-statoverride
dpkg-trigger
driverless
driverless-fax
du
dumpe2fs
dumpkeys
duplicity
dvipdf
dwp
e2freefrag
e2fsck
e2image
e2label
e2mmpstatus
e2scrub
e2scrub_all
e2undo
e4crypt
e4defrag
eatmydata
ebtables-nft
ebtables-nft-restore
ebtables-nft-save
ec2metadata
echo
ed
edit
editres
efibootdump
efibootmgr
egrep
eject
elfedit
enc2xs
encguess
enchant-2
enchant-lsmod-2
env
envsubst
eog
eps2eps
eqn
era_check
era_dump
era_invalidate
era_restore
esc-m
ethtool
eutp
evince
evince-previewer
evince-thumbnailer
expand
expiry
expr
factor
faillock
faillog
fallocate
false
fatlabel
fc-cache
fc-cat
fc-conflist
fc-list
fc-match
fc-pattern
fc-query
fc-scan
fc-validate
fdisk
fetch-url
fgconsole
fgrep
file
file-roller
file2brl
filefrag
finalrd
fincore
find
findfs
findmnt
fixparts
flock
fmt
fold
fonttosfnt
foo2ddst
foo2ddst-wrapper
foo2hbpl2
foo2hbpl2-wrapper
foo2hiperc
foo2hiperc-wrapper
foo2hp
foo2hp2600-wrapper
foo2lava
foo2lava-wrapper
foo2oak
foo2oak-wrapper
foo2qpdl
foo2qpdl-wrapper
foo2slx
foo2slx-wrapper
foo2xqx
foo2xqx-wrapper
foo2zjs
foo2zjs-icc2ps
foo2zjs-pstops
foo2zjs-wrapper
foomatic-rip
fprintd-delete
fprintd-enroll
fprintd-list
fprintd-verify
free
fsadm
fsck
fsck
fsck.btrfs
fsck.cramfs
fsck.ext2
fsck.ext3
fsck.ext4
fsck.fat
fsck.jfs
fsck.minix
fsck.msdos
fsck.reiserfs
fsck.vfat
fsck.xfs
fsck.zfs
fsfreeze
fstab-decode
fstrim
funzip
fuser
fusermount
fusermount3
fwupdagent
fwupdate
fwupdmgr
fwupdtool
gamemoded
gamma4scanimage
gapplication
gatttool
gawk
gcalccmd
gcore
gcr-viewer
gdb
gdb-add-index
gdbtui
gdbus
gdialog
gdisk
gdk-pixbuf-csource
gdk-pixbuf-pixdata
gdk-pixbuf-thumbnailer
gdm-screenshot
gdm3
gdmflexiserver
gedit
genisoimage
genl
geqn
get_mountoptions
getcap
getcifsacl
getconf
geteltorito
getent
getfacl
getkeycodes
getopt
getpcaps
gettext
gettext
gettext.sh
getty
getweb
ghostscript
ginstall-info
gio
gio-querymodules
gipddecode
git
git-receive-pack
git-shell
git-upload-archive
git-upload-pack
gjs
gjs-console
gkbd-keyboard-display
glib-compile-schemas
gnome-calculator
gnome-calendar
gnome-characters
gnome-control-center
gnome-disk-image-mounter
gnome-disks
gnome-extensions
gnome-font-viewer
gnome-help
gnome-keyring
gnome-keyring-3
gnome-keyring-daemon
gnome-language-selector
gnome-logs
gnome-menus-blacklist
gnome-power-statistics
gnome-session
gnome-session-custom-session
gnome-session-inhibit
gnome-session-properties
gnome-session-quit
gnome-shell
gnome-shell-extension-tool
gnome-shell-perf-tool
gnome-system-monitor
gnome-terminal
gnome-terminal
gnome-terminal.real
gnome-terminal.wrapper
gnome-thumbnail-font
gnome-todo
gold
gparted
gpasswd
gpg
gpg-agent
gpg-connect-agent
gpg-wks-server
gpg-zip
gpgcompose
gpgconf
gpgparsemail
gpgsm
gpgsplit
gpgtar
gpgv
gpic
gprof
gpu-manager
grdctl
grep
grep-aptavail
grep-available
grep-dctrl
grep-debtags
grep-status
gresource
groff
grog
grops
grotty
groupadd
groupdel
groupmems
groupmod
groups
growpart
grpck
grpconv
grpunconv
grub-bios-setup
grub-editenv
grub-file
grub-fstest
grub-glue-efi
grub-install
grub-kbdcomp
grub-macbless
grub-menulst2cfg
grub-mkconfig
grub-mkdevicemap
grub-mkfont
grub-mkimage
grub-mklayout
grub-mknetdir
grub-mkpasswd-pbkdf2
grub-mkrelpath
grub-mkrescue
grub-mkstandalone
grub-mount
grub-ntldr-img
grub-probe
grub-reboot
grub-render-label
grub-script-check
grub-set-default
grub-syslinux2cfg
gs
gsbj
gsdj
gsdj500
gsettings
gslj
gslp
gsnd
gst-device-monitor-1
gst-device-monitor-1.0
gst-discoverer-1
gst-discoverer-1.0
gst-inspect-1
gst-inspect-1.0
gst-launch-1
gst-launch-1.0
gst-play-1
gst-play-1.0
gst-stats-1
gst-stats-1.0
gst-tester-1
gst-tester-1.0
gst-typefind-1
gst-typefind-1.0
gtbl
gtf
gtk-builder-tool
gtk-encode-symbolic-svg
gtk-launch
gtk-query-settings
gtk-update-icon-cache
gtk4-builder-tool
gtk4-encode-symbolic-svg
gtk4-launch
gtk4-query-settings
gtk4-update-icon-cache
gunzip
gzexe
gzip
h2ph
h2xs
halt
hardlink
hbpldecode
hciattach
hciconfig
hcitool
hd
hdparm
head
helpztags
hex2hcd
hexdump
hipercdecode
host
hostid
hostname
hostnamectl
hp-align
hp-check
hp-clean
hp-colorcal
hp-config_usb_printer
hp-doctor
hp-firmware
hp-info
hp-levels
hp-logcapture
hp-makeuri
hp-pkservice
hp-plugin
hp-plugin-ubuntu
hp-probe
hp-query
hp-scan
hp-setup
hp-testpage
hp-timedate
htop
hw-detect
hwclock
hwe-support-status
i386
ibus
ibus-daemon
ibus-setup
ibus-setup-hangul
ibus-table-createdb
iceauth
ico
iconv
iconvconfig
id
iecset
ijs_pxljr
im-config
im-launch
in-target
info
infocmp
infotocap
init
inputattach
insmod
install
install-info
install-printerdriver
install-sgmlcatalog
installkernel
instmodsh
integritysetup
intel-virtual-output
invoke-rc
invoke-rc.d
ionice
ip
ip6tables-apply
ip6tables-legacy
ip6tables-legacy-restore
ip6tables-legacy-save
ip6tables-nft
ip6tables-nft-restore
ip6tables-nft-save
ip6tables-restore-translate
ip6tables-translate
ipcmk
ipcrm
ipcs
ipod-read-sysinfo-extended
ipod-time-sync
ipp-usb
ippeveprinter
ippfind
ipptool
iptables-apply
iptables-legacy
iptables-legacy-restore
iptables-legacy-save
iptables-nft
iptables-nft-restore
iptables-nft-save
iptables-restore-translate
iptables-translate
iptables-xml
irqbalance
irqbalance-ui
ischroot
iscsi-iname
iscsi_discovery
iscsiadm
iscsid
iscsistart
isdv4-serial-debugger
isdv4-serial-inputattach
isodump
isoinfo
isosize
isovfy
ispell-autobuildhash
ispell-wrapper
iucode-tool
iucode_tool
iwconfig
iwevent
iwgetid
iwlist
iwpriv
iwspy
jfs_debugfs
jfs_fsck
jfs_fscklog
jfs_logdump
jfs_mkfs
jfs_tune
join
join-dctrl
journalctl
jpgicc
json-patch-jsondiff
json_pp
jsonpatch
jsonpointer
jsonschema
kbd_mode
kbdinfo
kbdrate
kbxutil
keep-one-running
kernel-install
kerneloops
kerneloops-submit
key
key.dns_resolver
keyctl
keyring
kill
killall
killall5
kmod
kmodsign
kpartx
l2ping
l2test
landscape-sysinfo
laptop-detect
last
lastb
lastlog
lavadecode
lcf
ld
ld
ld.bfd
ld.gold
ldapadd
ldapcompare
ldapdelete
ldapexop
ldapmodify
ldapmodrdn
ldappasswd
ldapsearch
ldapurl
ldapwhoami
ldattach
ldconfig
ldconfig
ldconfig.real
ldd
less
lessecho
lessfile
lesskey
lesspipe
lexgrog
libnetcfg
libreoffice
libwacom-list-devices
libwacom-list-local-devices
libwacom-show-stylus
libwacom-update-db
link
linkicc
linux-boot-prober
linux-check-removal
linux-update-symlinks
linux-version
linux32
linux64
list-devices
listres
ln
lnstat
loadkeys
loadunimap
localc
locale
locale-check
locale-gen
localectl
localedef
lodraw
loffice
lofromtemplate
log-output
logger
login
loginctl
logname
logrotate
logsave
loimpress
lomath
look
losetup
loweb
lowntfs-3g
lowriter
lp
lp_solve
lpadmin
lpc
lpinfo
lpmove
lpoptions
lpq
lpr
lprm
lpstat
ls
lsattr
lsb_release
lsblk
lscpu
lshw
lsinitramfs
lsipc
lslocks
lslogins
lsmem
lsmod
lsns
lsof
lspci
lspcmcia
lspgpot
lsusb
luit
luksformat
lvchange
lvconvert
lvcreate
lvdisplay
lvextend
lvm
lvmconfig
lvmdiskscan
lvmdump
lvmpolld
lvmsadc
lvmsar
lvreduce
lvremove
lvrename
lvresize
lvs
lvscan
lwp-download
lwp-dump
lwp-mirror
lwp-request
lzmainfo
m17n-db
m2300w
m2300w-wrapper
m2400w
mailmail3
make-bcache
make-ssl-cert
mako-render
man
man-recode
mandb
manifest
manpath
mapdevfs
mapscrn
mawk
mcookie
md5sum
md5sum
md5sum.textutils
mdadm
mdig
mdmon
mesg
migrate-pubring-from-classic-gpg
mimeopen
mimetype
min12xxw
mk_modmap
mkdir
mkdosfs
mke2fs
mkfifo
mkfontdir
mkfontscale
mkfs
mkfs
mkfs.bfs
mkfs.btrfs
mkfs.cramfs
mkfs.ext2
mkfs.ext3
mkfs.ext4
mkfs.fat
mkfs.jfs
mkfs.minix
mkfs.msdos
mkfs.ntfs
mkfs.reiserfs
mkfs.vfat
mkfs.xfs
mkhomedir_helper
mkinitramfs
mkisofs
mklost+found
mknod
mkntfs
mkreiserfs
mksquashfs
mkswap
mktemp
mkzftree
mmcli
modinfo
modprobe
mokutil
monitor-sensor
more
mount
mount
mount.cifs
mount.fuse
mount.fuse3
mount.lowntfs-3g
mount.ntfs
mount.ntfs-3g
mount.smb3
mount.zfs
mountpoint
mousetweaks
mpathpersist
mscompress
msexpand
mt-gnu
mtr
mtr-packet
multipath
multipathd
mv
namei
nano
nautilus
nautilus-autorun-software
nautilus-sendto
nc
nc.openbsd
needrestart
neqn
netplan
networkctl
networkd-dispatcher
newgrp
newusers
nfnl_osf
nft
ngettext
nice
nisdomainname
nl
nm
nm-applet
nm-connection-editor
nm-online
nmcli
nmtui
nmtui-connect
nmtui-edit
nmtui-hostname
nohup
nologin
notify-send
nproc
nroff
nsenter
nslookup
nstat
nsupdate
ntfs-3g
ntfs-3g
ntfs-3g.probe
ntfscat
ntfsclone
ntfscluster
ntfscmp
ntfscp
ntfsdecrypt
ntfsfallocate
ntfsfix
ntfsinfo
ntfslabel
ntfsls
ntfsmove
ntfsrecover
ntfsresize
ntfssecaudit
ntfstruncate
ntfsundelete
ntfsusermap
ntfswipe
numfmt
nvidia-detector
oakdecode
obexctl
objcopy
objdump
oclock
od
oem-getlogs
on_ac_power
oomctl
openssl
openvpn
openvt
opldecode
orca
orca-dm-wrapper
os-prober
overlayroot-chroot
ownership
p11-kit
pa-info
pacat
pacmd
pactl
padsp
pam-auth-update
pam_extrausers_chkpwd
pam_extrausers_update
pam_getenv
pam_timestamp_check
pamon
paperconf
paperconfig
paplay
parec
parecord
parted
parted_devices
parted_server
partman
partman-command
partman-commit
partmap
partprobe
partx
passwd
paste
pastebinit
pasuspender
patch
pathchk
pax11publish
pbget
pbput
pbputs
pccardctl
pdata_tools
pdb3
pdb3
pdb3.10
pdf2dsc
pdf2ps
pdfattach
pdfdetach
pdffonts
pdfimages
pdfinfo
pdfseparate
pdfsig
pdftocairo
pdftohtml
pdftoppm
pdftops
pdftotext
pdfunite
peekfd
perform_recipe
perform_recipe_by_lvm
perl
perl5
perl5.34.0
perlbug
perldoc
perli11ndoc
perlivp
perlthanks
pf2afm
pfbtopfa
pgrep
pic
piconv
pidof
pidwait
pinentry-curses
pinentry-gnome3
ping
ping4
ping6
pinky
pipewire
pipewire-media-session
pivot_root
pkaction
pkcheck
pkcon
pkexec
pkill
pkmon
pkttyagent
pl2pm
pldd
plog
plymouth
plymouthd
pmap
pnm2ppa
pod2html
pod2man
pod2text
pod2usage
podchecker
poff
pollinate
pon
poweroff
powerprofilesctl
ppdc
ppdhtml
ppdi
ppdmerge
ppdpo
pphs
pppd
pppdump
pppoe-discovery
pppstats
pptp
pptpsetup
pr
precat
preconv
preseed_command
preunzip
prezip
prezip-bin
print
printafm
printenv
printer-profile
printf
prlimit
prove
prtstat
ps
ps2ascii
ps2epsi
ps2pdf
ps2pdf12
ps2pdf13
ps2pdf14
ps2pdfwr
ps2ps
ps2ps2
ps2txt
psfaddtable
psfgettable
psfstriptable
psfxtable
psicc
pslog
pstree
pstree
pstree.x11
ptar
ptardiff
ptargrep
ptx
pulseaudio
purge-old-kernels
pvchange
pvck
pvcreate
pvdisplay
pvmove
pvremove
pvresize
pvs
pvscan
pw-cat
pw-cli
pw-dot
pw-dsdplay
pw-dump
pw-link
pw-loopback
pw-metadata
pw-mididump
pw-midiplay
pw-midirecord
pw-mon
pw-play
pw-profiler
pw-record
pw-reserve
pw-top
pw-v4l2
pwck
pwconv
pwd
pwdx
pwunconv
py3clean
py3compile
py3versions
pybabel-python3
pydoc3
pydoc3
pydoc3.10
pygettext3
pygettext3
pygettext3.10
pyhtmlizer3
pyserial-miniterm
pyserial-ports
python3
python3
python3-futurize
python3-pasteurize
python3.10
pzstd
qpdldecode
quirks-handler
ranlib
rbash
rctest
rdate
rdiffdir
rdma
readelf
readlink
readprofile
realm
realpath
reboot
red
register-module
reiserfsck
reiserfstune
remmina
remmina-file-wrapper
remmina-gnome
remove-default-ispell
remove-default-wordlist
remove-shell
rendercheck
renice
request-key
rescan-scsi-bus
rescan-scsi-bus.sh
reset
resize2fs
resize_reiserfs
resizecons
resizepart
resolvectl
rev
rfcomm
rfkill
rgrep
rhythmbox
rhythmbox-client
rm
rmdir
rmmod
rmt-tar
rnano
routef
routel
rrsync
rstart
rstartd
rsync
rsync-ssl
rsyslogd
rtacct
rtcwake
rtkitctl
rtmon
rtstat
run-mailcap
run-one
run-one-constantly
run-one-until-failure
run-one-until-success
run-parts
run-this-one
run-with-aspell
runcon
runlevel
runuser
rygel
sane-find-scanner
saned
savelog
sbattach
sbkeysync
sbsiglist
sbsign
sbvarsign
sbverify
scandeps
scanimage
scp
scp-dbus-service
screen
screendump
script
scriptlive
scriptreplay
scsi_logging_level
scsi_mandat
scsi_readcap
scsi_ready
scsi_satl
scsi_start
scsi_stop
scsi_temperature
sdiff
sdptool
seahorse
search-path
sed
see
select-default-ispell
select-default-iwrap
select-default-wordlist
select-editor
select_mountoptions
select_mountpoint
sensible-browser
sensible-editor
sensible-pager
seq
service
session-migration
sessreg
set-date-epoch
setarch
setcap
setcifsacl
setfacl
setfont
setkeycodes
setleds
setlogcons
setmetamode
setpci
setpriv
setsid
setterm
setupcon
setvesablank
setvtrgb
setxkbmap
sfdisk
sftp
sg
sg_bg_ctl
sg_compare_and_write
sg_copy_results
sg_dd
sg_decode_sense
sg_emc_trespass
sg_format
sg_get_config
sg_get_elem_status
sg_get_lba_status
sg_ident
sg_inq
sg_logs
sg_luns
sg_map
sg_map26
sg_modes
sg_opcodes
sg_persist
sg_prevent
sg_raw
sg_rbuf
sg_rdac
sg_read
sg_read_attr
sg_read_block_limits
sg_read_buffer
sg_read_long
sg_readcap
sg_reassign
sg_referrals
sg_rep_pip
sg_rep_zones
sg_requests
sg_reset
sg_reset_wp
sg_rmsn
sg_rtpg
sg_safte
sg_sanitize
sg_sat_identify
sg_sat_phy_event
sg_sat_read_gplog
sg_sat_set_features
sg_scan
sg_seek
sg_senddiag
sg_ses
sg_ses_microcode
sg_start
sg_stpg
sg_stream_ctl
sg_sync
sg_test_rwbuf
sg_timestamp
sg_turs
sg_unmap
sg_verify
sg_vpd
sg_wr_mode
sg_write_buffer
sg_write_long
sg_write_same
sg_write_verify
sg_write_x
sg_xcopy
sg_zone
sgdisk
sginfo
sgm_dd
sgp_dd
sh
sha1sum
sha224sum
sha256sum
sha384sum
sha512sum
shadowconfig
shasum
shotwell
showconsolefont
showkey
showrgb
shred
shuf
shutdown
simple-scan
size
skill
slabtop
sleep
slogin
slxdecode
smb2-quota
smbinfo
smproxy
snap
snapctl
snapfuse
snice
soelim
soffice
software-properties-gtk
sort
sort-dctrl
sos
sos-collector
sosreport
spa-acp-tool
spa-inspect
spa-json-dump
spa-monitor
spa-resample
spd-conf
spd-say
spdsend
speaker-test
speech-dispatcher
spice-vdagent
spice-vdagentd
splain
split
splitfont
sqfscat
sqfstar
ss
ssh
ssh-add
ssh-agent
ssh-argv0
ssh-copy-id
ssh-import-id
ssh-import-id-gh
ssh-import-id-lp
ssh-keygen
ssh-keyscan
sshd
sss_ssh_authorizedkeys
sss_ssh_knownhostsproxy
sssd
start-pulseaudio-x11
start-stop-daemon
startx
stat
static-sh
stdbuf
strace
strace-log-merge
streamzip
strings
strip
stty
su
sudo
sudo_logsrvd
sudo_sendlog
sudoedit
sudoreplay
sulogin
sum
swaplabel
swapoff
swapon
switch_root
switcherooctl
sync
sync-available
sysctl
sysfs-update-devnames
system-config-printer
system-config-printer-applet
systemctl
systemd
systemd-analyze
systemd-ask-password
systemd-cat
systemd-cgls
systemd-cgtop
systemd-cryptenroll
systemd-delta
systemd-detect-virt
systemd-escape
systemd-hwdb
systemd-id128
systemd-inhibit
systemd-machine-id-setup
systemd-mount
systemd-notify
systemd-path
systemd-run
systemd-socket-activate
systemd-stdio-bridge
systemd-sysext
systemd-sysusers
systemd-tmpfiles
systemd-tty-ask-password-agent
systemd-umount
tabs
tac
tail
tar
tarcat
taskset
tbl
tbl-dctrl
tc
tclsh
tclsh8
tclsh8.6
tcpdump
tee
telinit
telnet
telnet.netkit
tempfile
test
thermald
thin_check
thin_delta
thin_dump
thin_ls
thin_metadata_size
thin_repair
thin_restore
thin_rmap
thin_trim
thunderbird
tic
tificc
time
timedatectl
timeout
tipc
tkconch3
tload
tmux
tnftp
toe
top
totem
totem-video-thumbnailer
touch
tput
tr
tracepath
tracker3
transicc
transmission-gtk
transset
trial3
troff
true
truncate
trust
tset
tsort
tty
tune2fs
tunefs
tunefs.reiserfs
twist3
twistd3
tzconfig
tzselect
u-d-c-print-pci-ids
ua
ubiquity
ubiquity-bluetooth-agent
ubiquity-dm
ubuntu-advantage
ubuntu-bug
ubuntu-core-launcher
ubuntu-distro-info
ubuntu-drivers
ubuntu-report
ubuntu-security-status
ucf
ucfq
ucfr
uclampset
ucs2any
udevadm
udisksctl
ufw
ul
umax_pp
umount
umount
umount.udisks2
uname
unattended-upgrade
unattended-upgrades
uncompress
unexpand
unicode_start
unicode_stop
uniq
unix_chkpwd
unix_update
unlink
unmkinitramfs
unopkg
unshare
unsquashfs
unxz
unzip
unzipsfx
unzstd
update-alternatives
update-ca-certificates
update-catalog
update-cracklib
update-default-aspell
update-default-ispell
update-default-wordlist
update-desktop-database
update-dev
update-dictcommon-aspell
update-dictcommon-hunspell
update-fonts-alias
update-fonts-dir
update-fonts-scale
update-grub
update-grub-gfxpayload
update-grub2
update-gsfontmap
update-icon-caches
update-inetd
update-info-dir
update-initramfs
update-locale
update-manager
update-mime
update-mime-database
update-notifier
update-passwd
update-pciids
update-rc
update-rc.d
update-secureboot-policy
update-shells
update-xmlcatalog
upgrade-from-grub-legacy
upower
uptime
usb-creator-gtk
usb-devices
usb_modeswitch
usb_modeswitch_dispatcher
usb_printerid
usbhid-dump
usbmuxd
usbreset
user-params
user-setup
useradd
userdel
usermod
users
utmpdump
uuidd
uuidgen
uuidparse
validlocale
vcs-run
vcstime
vdir
vdpa
veritysetup
vgcfgbackup
vgcfgrestore
vgchange
vgck
vgconvert
vgcreate
vgdisplay
vgexport
vgextend
vgimport
vgimportclone
vgmerge
vgmknodes
vgreduce
vgremove
vgrename
vgs
vgscan
vgsplit
viewres
vigpg
vigr
vim
vim.basic
vim.tiny
vimtutor
vipw
visudo
vm-support
vmhgfs-fuse
vmstat
vmtoolsd
vmware-alias-import
vmware-checkvm
vmware-hgfsclient
vmware-namespace-cmd
vmware-rpctool
vmware-toolbox-cmd
vmware-vgauth-cmd
vmware-vmblock-fuse
vmware-xferlogs
vmwarectrl
vpddecode
vstp
w
wall
watch
watchgnupg
wc
wdctl
wget
whatis
whereis
which
which.debianutils
whiptail
who
whoami
whoopsie
whoopsie-preferences
wifi-status
wipefs
word-list-compress
wpa_action
wpa_cli
wpa_passphrase
wpa_supplicant
write
write.ul
x11perf
x11perfcomp
x86_64
x86_64-linux-gnu-addr2line
x86_64-linux-gnu-ar
x86_64-linux-gnu-as
x86_64-linux-gnu-c++filt
x86_64-linux-gnu-cpp
x86_64-linux-gnu-cpp-11
x86_64-linux-gnu-dwp
x86_64-linux-gnu-elfedit
x86_64-linux-gnu-gold
x86_64-linux-gnu-gprof
x86_64-linux-gnu-ld
x86_64-linux-gnu-ld
x86_64-linux-gnu-ld.bfd
x86_64-linux-gnu-ld.gold
x86_64-linux-gnu-nm
x86_64-linux-gnu-objcopy
x86_64-linux-gnu-objdump
x86_64-linux-gnu-ranlib
x86_64-linux-gnu-readelf
x86_64-linux-gnu-size
x86_64-linux-gnu-strings
x86_64-linux-gnu-strip
xargs
xauth
xbiff
xbrlapi
xcalc
xclipboard
xclock
xcmsdb
xconsole
xcursorgen
xcutsel
xdg-dbus-proxy
xdg-desktop-icon
xdg-desktop-menu
xdg-email
xdg-icon-resource
xdg-mime
xdg-open
xdg-screensaver
xdg-settings
xdg-user-dir
xdg-user-dirs-gtk-update
xdg-user-dirs-update
xditview
xdpyinfo
xdriinfo
xedit
xev
xeyes
xfd
xfontsel
xfs_admin
xfs_bmap
xfs_copy
xfs_db
xfs_estimate
xfs_freeze
xfs_fsr
xfs_growfs
xfs_info
xfs_io
xfs_logprint
xfs_mdrestore
xfs_metadump
xfs_mkfile
xfs_ncheck
xfs_quota
xfs_repair
xfs_rtcp
xfs_scrub
xfs_scrub_all
xfs_spaceman
xgamma
xgc
xhost
xinit
xinput
xkbbell
xkbcomp
xkbevd
xkbprint
xkbvleds
xkbwatch
xkeystone
xkill
xload
xlogo
xlsatoms
xlsclients
xlsfonts
xmag
xman
xmessage
xmodmap
xmore
xprop
xqxdecode
xrandr
xrdb
xrefresh
xset
xsetmode
xsetpointer
xsetroot
xsetwacom
xsm
xstdcmap
xsubpp
xtables-legacy-multi
xtables-monitor
xtables-nft-multi
xvidtune
xvinfo
xwd
xwininfo
xwud
xxd
xz
xzcat
xzcmp
xzdiff
xzegrep
xzfgrep
xzgrep
xzless
xzmore
yelp
yes
ypdomainname
zcat
zcmp
zdb
zdiff
zdump
zed
zegrep
zenity
zerofree
zfgrep
zforce
zfs
zfs_ids_to_path
zgenhostid
zgrep
zhack
zic
zip
zipcloak
zipdetails
zipgrep
zipinfo
zipnote
zipsplit
zjsdecode
zless
zmore
znew
zpool
zramctl
zstd
zstdcat
zstdgrep
zstdless
zstdmt
zstream
zstreamdump
zsysctl
zsysd
zvol_wait
